<html>
<body>
<pre>
<h1>µVision Build Log</h1>
<h2>Tool Versions:</h2>
IDE-Version: ¦ÌVision V5.39.0.0
Copyright (C) 2023 ARM Ltd and ARM Germany GmbH. All rights reserved.
License Information: 1 1, 1, LIC=SDA0P-MWX12-01LP1-CBRD5-IUFX9-HU4GE
 
Tool Versions:
Toolchain:       MDK-ARM Plus  Version: 5.39.0.0
Toolchain Path:  D:\keil5\ARM\ARMCC\Bin
C Compiler:      Armcc.exe V5.06 update 6 (build 750)
Assembler:       Armasm.exe V5.06 update 6 (build 750)
Linker/Locator:  ArmLink.exe V5.06 update 6 (build 750)
Library Manager: ArmAr.exe V5.06 update 6 (build 750)
Hex Converter:   FromElf.exe V5.06 update 6 (build 750)
CPU DLL:         SARMCM3.DLL V5.39.0.0
Dialog DLL:      DCM.DLL V1.17.5.0
Target DLL:      STLink\ST-LINKIII-KEIL_SWO.dll V3.2.0.0
Dialog DLL:      TCM.DLL V1.56.4.0
 
<h2>Project:</h2>
D:\date\Stm32-uc-OS-III\Stm32-uc-OS-III\MDK-ARM\16.uvprojx
Project File Date:  11/02/2025

<h2>Output:</h2>
*** Using Compiler 'V5.06 update 6 (build 750)', folder: 'D:\keil5\ARM\ARMCC\Bin'
Rebuild target '16'
assembling cpu_a.asm...
assembling startup_stm32f103xb.s...
compiling lib_math.c...
compiling cpu_core.c...
compiling cpu_c.c...
assembling lib_mem_a.asm...
assembling os_cpu_a.asm...
compiling lib_ascii.c...
compiling os_cfg_app.c...
compiling os_dbg.c...
compiling os_cpu_c.c...
compiling lib_mem.c...
compiling lib_str.c...
compiling os_core.c...
compiling os_mem.c...
compiling os_flag.c...
compiling os_int.c...
compiling os_msg.c...
compiling os_prio.c...
compiling os_pend_multi.c...
compiling os_mutex.c...
compiling os_q.c...
compiling os_sem.c...
compiling os_stat.c...
compiling os_var.c...
compiling os_time.c...
compiling os_tick.c...
compiling os_app_hooks.c...
compiling os_tmr.c...
compiling os_task.c...
compiling usart.c...
compiling stm32f1xx_hal_msp.c...
compiling gpio.c...
compiling stm32f1xx_it.c...
compiling stm32f1xx_hal_gpio_ex.c...
compiling stm32f1xx_hal.c...
compiling stm32f1xx_hal_rcc_ex.c...
compiling app.c...
.\uCOS-BSP\bsp.h(8): warning:  #1-D: last line of file ends without a newline
  #endif
uCOS-CONFIG\app.c(118): warning:  #223-D: function "BSP_CPU_ClkFreq" declared implicitly
      cpu_clk_freq = BSP_CPU_ClkFreq();                           /* Determine SysTick reference freq.                    */
uCOS-CONFIG\app.c(134): warning:  #174-D: expression has no effect
      APP_TRACE_INFO(("Creating Application Tasks...\n\r"));
uCOS-CONFIG\app.c(137): warning:  #174-D: expression has no effect
      APP_TRACE_INFO(("Creating Application Events...\n\r"));
uCOS-CONFIG\app.c(140): warning:  #223-D: function "BSP_LED_Off" declared implicitly
      BSP_LED_Off(0);
uCOS-CONFIG\app.c(143): warning:  #223-D: function "BSP_LED_Toggle" declared implicitly
          BSP_LED_Toggle(0);
uCOS-CONFIG\app.c(53): warning:  #177-D: variable "AppTaskStartTCB"  was declared but never referenced
  static  OS_TCB   AppTaskStartTCB;
uCOS-CONFIG\app.c(62): warning:  #177-D: variable "AppTaskStartStk"  was declared but never referenced
  static  CPU_STK  AppTaskStartStk[APP_TASK_START_STK_SIZE];
uCOS-CONFIG\app.c(106): warning:  #177-D: function "AppTaskStart"  was declared but never referenced
  static  void  AppTaskStart (void *p_arg)
uCOS-CONFIG\app.c: 9 warnings, 0 errors
compiling stm32f1xx_hal_gpio.c...
compiling bsp.c...
.\uCOS-BSP\bsp.h(8): warning:  #1-D: last line of file ends without a newline
  #endif
uCOS-BSP\bsp.c: 1 warning, 0 errors
compiling main.c...
.\uCOS-BSP\bsp.h(8): warning:  #1-D: last line of file ends without a newline
  #endif
../Core/Src/main.c: 1 warning, 0 errors
compiling stm32f1xx_hal_rcc.c...
compiling stm32f1xx_hal_uart.c...
compiling stm32f1xx_hal_dma.c...
compiling stm32f1xx_hal_cortex.c...
compiling stm32f1xx_hal_exti.c...
compiling stm32f1xx_hal_pwr.c...
compiling system_stm32f1xx.c...
compiling stm32f1xx_hal_flash_ex.c...
compiling stm32f1xx_hal_flash.c...
linking...
Program Size: Code=18236 RO-data=424 RW-data=288 ZI-data=14656  
FromELF: creating hex file...
"16\16.axf" - 0 Error(s), 11 Warning(s).

<h2>Software Packages used:</h2>

Package Vendor: ARM
                http://www.keil.com/pack/ARM.CMSIS.5.9.0.pack
                ARM::CMSIS@5.9.0
                CMSIS (Common Microcontroller Software Interface Standard)
   * Component: CORE Version: 5.6.0

Package Vendor: Keil
                https://www.keil.com/pack/Keil.STM32F1xx_DFP.2.4.1.pack
                Keil::STM32F1xx_DFP@2.4.1
                STMicroelectronics STM32F1 Series Device Support, Drivers and Examples

<h2>Collection of Component include folders:</h2>
  ./RTE/_16
  D:/keil5/packs/ARM/CMSIS/5.9.0/CMSIS/Core/Include
  D:/keil5/packs/Keil/STM32F1xx_DFP/2.4.1/Device/Include

<h2>Collection of Component Files used:</h2>

   * Component: ARM::CMSIS:CORE@5.6.0
Build Time Elapsed:  00:00:04
</pre>
</body>
</html>
