<html>
<body>
<pre>
<h1>�Vision Build Log</h1>
<h2>Tool Versions:</h2>
IDE-Version: ��Vision V5.24.2.0
Copyright (C) 2017 ARM Ltd and ARM Germany GmbH. All rights reserved.
License Information: 6 6, 66, LIC=9WSKC-75TDH-EVS1R-KY8MP-HIEFJ-RX56I
 
Tool Versions:
Toolchain:       MDK-ARM Plus  Version: 5.24.1
Toolchain Path:  G:\Keil5\ARM\ARMCC\Bin
C Compiler:      Armcc.exe V5.06 update 5 (build 528)
Assembler:       Armasm.exe V5.06 update 5 (build 528)
Linker/Locator:  ArmLink.exe V5.06 update 5 (build 528)
Library Manager: ArmAr.exe V5.06 update 5 (build 528)
Hex Converter:   FromElf.exe V5.06 update 5 (build 528)
CPU DLL:         SARMCM3.DLL V5.24.1
Dialog DLL:      DCM.DLL V1.16.0.0
Target DLL:      STLink\ST-LINKIII-KEIL_SWO.dll V3.0.1.0
Dialog DLL:      TCM.DLL V1.32.0.0
 
<h2>Project:</h2>
G:\STM32HAL_Project\ACC\MDK-ARM\ACC.uvprojx
Project File Date:  12/05/2025

<h2>Output:</h2>
*** Using Compiler 'V5.06 update 5 (build 528)', folder: 'G:\Keil5\ARM\ARMCC\Bin'
Rebuild target 'ACC'
assembling startup_stm32f103xb.s...
compiling stm32f1xx_hal_i2c.c...
compiling i2c.c...
compiling stm32f1xx_hal.c...
compiling stm32f1xx_hal_gpio_ex.c...
compiling stm32f1xx_hal_rcc.c...
compiling esp8266_ap.c...
esp8266_ap.c(125): warning:  #870-D: invalid multibyte character sequence
  	sprintf(Recall,"启动服务�? \r\n");
esp8266_ap.c(160): warning:  #870-D: invalid multibyte character sequence
  	sprintf(cmd,"数据已发�? \r\n");
esp8266_ap.c: 2 warnings, 0 errors
compiling aht20.c...
../MDK-ARM/aht20.h(6): warning:  #1295-D: Deprecated declaration AHT20_Init - give arg types
  void AHT20_Init();
aht20.c: 1 warning, 0 errors
compiling main.c...
../MDK-ARM/aht20.h(6): warning:  #1295-D: Deprecated declaration AHT20_Init - give arg types
  void AHT20_Init();
../Core/Src/main.c(123): warning:  #870-D: invalid multibyte character sequence
  	  sprintf(message,"温度:%.1f�?,湿度:%.1f %%\r\n",T,RH);	//拼接输出字符
../Core/Src/main.c(157): warning:  #870-D: invalid multibyte character sequence
  		  sprintf(message,"空调�? \r\n");
../Core/Src/main.c(163): warning:  #870-D: invalid multibyte character sequence
  		  sprintf(message,"当前状态：空调：开,温度:%.1f�?,湿度:%.1f %%\r\n",T,RH);	//拼接输出字符
../Core/Src/main.c(165): warning:  #870-D: invalid multibyte character sequence
  		  sprintf(message,"当前状态：空调：关,温度:%.1f�?,湿度:%.1f %%\r\n",T,RH);	//拼接输出字符
../Core/Src/main.c: 5 warnings, 0 errors
compiling delay.c...
delay.c(4): warning:  #550-D: variable "fac_ms"  was set but never used
  static uint16_t fac_ms = 0;
delay.c: 1 warning, 0 errors
compiling gpio.c...
compiling stm32f1xx_hal_rcc_ex.c...
compiling tim.c...
compiling stm32f1xx_it.c...
compiling stm32f1xx_hal_msp.c...
compiling ir.c...
compiling usart.c...
compiling stm32f1xx_hal_gpio.c...
compiling stm32f1xx_hal_dma.c...
compiling stm32f1xx_hal_cortex.c...
compiling stm32f1xx_hal_pwr.c...
compiling stm32f1xx_hal_flash.c...
compiling stm32f1xx_hal_exti.c...
compiling stm32f1xx_hal_flash_ex.c...
compiling system_stm32f1xx.c...
compiling stm32f1xx_hal_uart.c...
compiling stm32f1xx_hal_tim_ex.c...
compiling stm32f1xx_hal_tim.c...
linking...
Program Size: Code=17402 RO-data=486 RW-data=20 ZI-data=1860  
FromELF: creating hex file...
"ACC\ACC.axf" - 0 Error(s), 9 Warning(s).

<h2>Software Packages used:</h2>

Package Vendor: ARM
                http://www.keil.com/pack/ARM.CMSIS.5.0.1.pack
                ARM.CMSIS.5.0.1
                CMSIS (Cortex Microcontroller Software Interface Standard)
   * Component: CORE Version: 5.0.1

Package Vendor: Keil
                http://www.keil.com/pack/Keil.STM32F1xx_DFP.2.2.0.pack
                Keil.STM32F1xx_DFP.2.2.0
                STMicroelectronics STM32F1 Series Device Support, Drivers and Examples

<h2>Collection of Component include folders:</h2>
  .\RTE\_ACC
  G:\Keil5\ARM\PACK\ARM\CMSIS\5.0.1\CMSIS\Include
  G:\Keil5\ARM\PACK\Keil\STM32F1xx_DFP\2.2.0\Device\Include

<h2>Collection of Component Files used:</h2>

   * Component: ARM::CMSIS:CORE:5.0.1
Build Time Elapsed:  00:00:47
</pre>
</body>
</html>
